Analysis & Synthesis report for TestRam
Tue Dec 20 21:04:51 2022
Quartus II 64-Bit Version 13.1.0 Build 162 10/23/2013 SJ Web Edition


---------------------
; Table of Contents ;
---------------------
  1. Legal Notice
  2. Analysis & Synthesis Summary
  3. Analysis & Synthesis Settings
  4. Parallel Compilation
  5. Analysis & Synthesis Source Files Read
  6. Analysis & Synthesis Resource Usage Summary
  7. Analysis & Synthesis Resource Utilization by Entity
  8. Analysis & Synthesis RAM Summary
  9. Analysis & Synthesis IP Cores Summary
 10. User-Specified and Inferred Latches
 11. General Register Statistics
 12. Source assignments for RAM:R|altsyncram:altsyncram_component|altsyncram_gpg1:auto_generated
 13. Parameter Settings for User Entity Instance: RAM:R|altsyncram:altsyncram_component
 14. altsyncram Parameter Settings by Entity Instance
 15. Elapsed Time Per Partition
 16. Analysis & Synthesis Messages



----------------
; Legal Notice ;
----------------
Copyright (C) 1991-2013 Altera Corporation
Your use of Altera Corporation's design tools, logic functions 
and other software and tools, and its AMPP partner logic 
functions, and any output files from any of the foregoing 
(including device programming or simulation files), and any 
associated documentation or information are expressly subject 
to the terms and conditions of the Altera Program License 
Subscription Agreement, Altera MegaCore Function License 
Agreement, or other applicable license agreement, including, 
without limitation, that your use is for the sole purpose of 
programming logic devices manufactured by Altera and sold by 
Altera or its authorized distributors.  Please refer to the 
applicable agreement for further details.



+---------------------------------------------------------------------------------+
; Analysis & Synthesis Summary                                                    ;
+------------------------------------+--------------------------------------------+
; Analysis & Synthesis Status        ; Successful - Tue Dec 20 21:04:51 2022      ;
; Quartus II 64-Bit Version          ; 13.1.0 Build 162 10/23/2013 SJ Web Edition ;
; Revision Name                      ; TestRam                                    ;
; Top-level Entity Name              ; TestRam                                    ;
; Family                             ; Cyclone IV E                               ;
; Total logic elements               ; 27                                         ;
;     Total combinational functions  ; 27                                         ;
;     Dedicated logic registers      ; 0                                          ;
; Total registers                    ; 0                                          ;
; Total pins                         ; 27                                         ;
; Total virtual pins                 ; 0                                          ;
; Total memory bits                  ; 2,048                                      ;
; Embedded Multiplier 9-bit elements ; 0                                          ;
; Total PLLs                         ; 0                                          ;
+------------------------------------+--------------------------------------------+


+----------------------------------------------------------------------------------------------------------------------+
; Analysis & Synthesis Settings                                                                                        ;
+----------------------------------------------------------------------------+--------------------+--------------------+
; Option                                                                     ; Setting            ; Default Value      ;
+----------------------------------------------------------------------------+--------------------+--------------------+
; Device                                                                     ; EP4CE6E22C8        ;                    ;
; Top-level entity name                                                      ; TestRam            ; TestRam            ;
; Family name                                                                ; Cyclone IV E       ; Cyclone IV GX      ;
; Use smart compilation                                                      ; Off                ; Off                ;
; Enable parallel Assembler and TimeQuest Timing Analyzer during compilation ; On                 ; On                 ;
; Enable compact report table                                                ; Off                ; Off                ;
; Restructure Multiplexers                                                   ; Auto               ; Auto               ;
; Create Debugging Nodes for IP Cores                                        ; Off                ; Off                ;
; Preserve fewer node names                                                  ; On                 ; On                 ;
; Disable OpenCore Plus hardware evaluation                                  ; Off                ; Off                ;
; Verilog Version                                                            ; Verilog_2001       ; Verilog_2001       ;
; VHDL Version                                                               ; VHDL_1993          ; VHDL_1993          ;
; State Machine Processing                                                   ; Auto               ; Auto               ;
; Safe State Machine                                                         ; Off                ; Off                ;
; Extract Verilog State Machines                                             ; On                 ; On                 ;
; Extract VHDL State Machines                                                ; On                 ; On                 ;
; Ignore Verilog initial constructs                                          ; Off                ; Off                ;
; Iteration limit for constant Verilog loops                                 ; 5000               ; 5000               ;
; Iteration limit for non-constant Verilog loops                             ; 250                ; 250                ;
; Add Pass-Through Logic to Inferred RAMs                                    ; On                 ; On                 ;
; Infer RAMs from Raw Logic                                                  ; On                 ; On                 ;
; Parallel Synthesis                                                         ; On                 ; On                 ;
; DSP Block Balancing                                                        ; Auto               ; Auto               ;
; NOT Gate Push-Back                                                         ; On                 ; On                 ;
; Power-Up Don't Care                                                        ; On                 ; On                 ;
; Remove Redundant Logic Cells                                               ; Off                ; Off                ;
; Remove Duplicate Registers                                                 ; On                 ; On                 ;
; Ignore CARRY Buffers                                                       ; Off                ; Off                ;
; Ignore CASCADE Buffers                                                     ; Off                ; Off                ;
; Ignore GLOBAL Buffers                                                      ; Off                ; Off                ;
; Ignore ROW GLOBAL Buffers                                                  ; Off                ; Off                ;
; Ignore LCELL Buffers                                                       ; Off                ; Off                ;
; Ignore SOFT Buffers                                                        ; On                 ; On                 ;
; Limit AHDL Integers to 32 Bits                                             ; Off                ; Off                ;
; Optimization Technique                                                     ; Balanced           ; Balanced           ;
; Carry Chain Length                                                         ; 70                 ; 70                 ;
; Auto Carry Chains                                                          ; On                 ; On                 ;
; Auto Open-Drain Pins                                                       ; On                 ; On                 ;
; Perform WYSIWYG Primitive Resynthesis                                      ; Off                ; Off                ;
; Auto ROM Replacement                                                       ; On                 ; On                 ;
; Auto RAM Replacement                                                       ; On                 ; On                 ;
; Auto DSP Block Replacement                                                 ; On                 ; On                 ;
; Auto Shift Register Replacement                                            ; Auto               ; Auto               ;
; Allow Shift Register Merging across Hierarchies                            ; Auto               ; Auto               ;
; Auto Clock Enable Replacement                                              ; On                 ; On                 ;
; Strict RAM Replacement                                                     ; Off                ; Off                ;
; Allow Synchronous Control Signals                                          ; On                 ; On                 ;
; Force Use of Synchronous Clear Signals                                     ; Off                ; Off                ;
; Auto RAM Block Balancing                                                   ; On                 ; On                 ;
; Auto RAM to Logic Cell Conversion                                          ; Off                ; Off                ;
; Auto Resource Sharing                                                      ; Off                ; Off                ;
; Allow Any RAM Size For Recognition                                         ; Off                ; Off                ;
; Allow Any ROM Size For Recognition                                         ; Off                ; Off                ;
; Allow Any Shift Register Size For Recognition                              ; Off                ; Off                ;
; Use LogicLock Constraints during Resource Balancing                        ; On                 ; On                 ;
; Ignore translate_off and synthesis_off directives                          ; Off                ; Off                ;
; Timing-Driven Synthesis                                                    ; On                 ; On                 ;
; Report Parameter Settings                                                  ; On                 ; On                 ;
; Report Source Assignments                                                  ; On                 ; On                 ;
; Report Connectivity Checks                                                 ; On                 ; On                 ;
; Ignore Maximum Fan-Out Assignments                                         ; Off                ; Off                ;
; Synchronization Register Chain Length                                      ; 2                  ; 2                  ;
; PowerPlay Power Optimization                                               ; Normal compilation ; Normal compilation ;
; HDL message level                                                          ; Level2             ; Level2             ;
; Suppress Register Optimization Related Messages                            ; Off                ; Off                ;
; Number of Removed Registers Reported in Synthesis Report                   ; 5000               ; 5000               ;
; Number of Swept Nodes Reported in Synthesis Report                         ; 5000               ; 5000               ;
; Number of Inverted Registers Reported in Synthesis Report                  ; 100                ; 100                ;
; Clock MUX Protection                                                       ; On                 ; On                 ;
; Auto Gated Clock Conversion                                                ; Off                ; Off                ;
; Block Design Naming                                                        ; Auto               ; Auto               ;
; SDC constraint protection                                                  ; Off                ; Off                ;
; Synthesis Effort                                                           ; Auto               ; Auto               ;
; Shift Register Replacement - Allow Asynchronous Clear Signal               ; On                 ; On                 ;
; Pre-Mapping Resynthesis Optimization                                       ; Off                ; Off                ;
; Analysis & Synthesis Message Level                                         ; Medium             ; Medium             ;
; Disable Register Merging Across Hierarchies                                ; Auto               ; Auto               ;
; Resource Aware Inference For Block RAM                                     ; On                 ; On                 ;
; Synthesis Seed                                                             ; 1                  ; 1                  ;
+----------------------------------------------------------------------------+--------------------+--------------------+


Parallel compilation was disabled, but you have multiple processors available. Enable parallel compilation to reduce compilation time.
+-------------------------------------+
; Parallel Compilation                ;
+----------------------------+--------+
; Processors                 ; Number ;
+----------------------------+--------+
; Number detected on machine ; 16     ;
; Maximum allowed            ; 1      ;
+----------------------------+--------+


+--------------------------------------------------------------------------------------------------------------------------------------------------------------------+
; Analysis & Synthesis Source Files Read                                                                                                                             ;
+----------------------------------+-----------------+------------------------------+----------------------------------------------------------------------+---------+
; File Name with User-Entered Path ; Used in Netlist ; File Type                    ; File Name with Absolute Path                                         ; Library ;
+----------------------------------+-----------------+------------------------------+----------------------------------------------------------------------+---------+
; RAM.v                            ; yes             ; User Wizard-Generated File   ; C:/Users/suxto/Documents/FPGA/TestRam/RAM.v                          ;         ;
; TestRam.v                        ; yes             ; User Verilog HDL File        ; C:/Users/suxto/Documents/FPGA/TestRam/TestRam.v                      ;         ;
; altsyncram.tdf                   ; yes             ; Megafunction                 ; c:/altera/13.1/quartus/libraries/megafunctions/altsyncram.tdf        ;         ;
; stratix_ram_block.inc            ; yes             ; Megafunction                 ; c:/altera/13.1/quartus/libraries/megafunctions/stratix_ram_block.inc ;         ;
; lpm_mux.inc                      ; yes             ; Megafunction                 ; c:/altera/13.1/quartus/libraries/megafunctions/lpm_mux.inc           ;         ;
; lpm_decode.inc                   ; yes             ; Megafunction                 ; c:/altera/13.1/quartus/libraries/megafunctions/lpm_decode.inc        ;         ;
; aglobal131.inc                   ; yes             ; Megafunction                 ; c:/altera/13.1/quartus/libraries/megafunctions/aglobal131.inc        ;         ;
; a_rdenreg.inc                    ; yes             ; Megafunction                 ; c:/altera/13.1/quartus/libraries/megafunctions/a_rdenreg.inc         ;         ;
; altrom.inc                       ; yes             ; Megafunction                 ; c:/altera/13.1/quartus/libraries/megafunctions/altrom.inc            ;         ;
; altram.inc                       ; yes             ; Megafunction                 ; c:/altera/13.1/quartus/libraries/megafunctions/altram.inc            ;         ;
; altdpram.inc                     ; yes             ; Megafunction                 ; c:/altera/13.1/quartus/libraries/megafunctions/altdpram.inc          ;         ;
; db/altsyncram_gpg1.tdf           ; yes             ; Auto-Generated Megafunction  ; C:/Users/suxto/Documents/FPGA/TestRam/db/altsyncram_gpg1.tdf         ;         ;
+----------------------------------+-----------------+------------------------------+----------------------------------------------------------------------+---------+


+----------------------------------------------------------+
; Analysis & Synthesis Resource Usage Summary              ;
+---------------------------------------------+------------+
; Resource                                    ; Usage      ;
+---------------------------------------------+------------+
; Estimated Total logic elements              ; 27         ;
;                                             ;            ;
; Total combinational functions               ; 27         ;
; Logic element usage by number of LUT inputs ;            ;
;     -- 4 input functions                    ; 8          ;
;     -- 3 input functions                    ; 9          ;
;     -- <=2 input functions                  ; 10         ;
;                                             ;            ;
; Logic elements by mode                      ;            ;
;     -- normal mode                          ; 27         ;
;     -- arithmetic mode                      ; 0          ;
;                                             ;            ;
; Total registers                             ; 0          ;
;     -- Dedicated logic registers            ; 0          ;
;     -- I/O registers                        ; 0          ;
;                                             ;            ;
; I/O pins                                    ; 27         ;
; Total memory bits                           ; 2048       ;
; Embedded Multiplier 9-bit elements          ; 0          ;
; Maximum fan-out node                        ; bnRD~input ;
; Maximum fan-out                             ; 18         ;
; Total fan-out                               ; 218        ;
; Average fan-out                             ; 2.45       ;
+---------------------------------------------+------------+


+------------------------------------------------------------------------------------------------------------------------------------------------------------------------------------------------------------------------------------------------------+
; Analysis & Synthesis Resource Utilization by Entity                                                                                                                                                                                                  ;
+-------------------------------------------+-------------------+--------------+-------------+--------------+---------+-----------+------+--------------+-------------------------------------------------------------------------------+--------------+
; Compilation Hierarchy Node                ; LC Combinationals ; LC Registers ; Memory Bits ; DSP Elements ; DSP 9x9 ; DSP 18x18 ; Pins ; Virtual Pins ; Full Hierarchy Name                                                           ; Library Name ;
+-------------------------------------------+-------------------+--------------+-------------+--------------+---------+-----------+------+--------------+-------------------------------------------------------------------------------+--------------+
; |TestRam                                  ; 27 (27)           ; 0 (0)        ; 2048        ; 0            ; 0       ; 0         ; 27   ; 0            ; |TestRam                                                                      ; work         ;
;    |RAM:R|                                ; 0 (0)             ; 0 (0)        ; 2048        ; 0            ; 0       ; 0         ; 0    ; 0            ; |TestRam|RAM:R                                                                ; work         ;
;       |altsyncram:altsyncram_component|   ; 0 (0)             ; 0 (0)        ; 2048        ; 0            ; 0       ; 0         ; 0    ; 0            ; |TestRam|RAM:R|altsyncram:altsyncram_component                                ; work         ;
;          |altsyncram_gpg1:auto_generated| ; 0 (0)             ; 0 (0)        ; 2048        ; 0            ; 0       ; 0         ; 0    ; 0            ; |TestRam|RAM:R|altsyncram:altsyncram_component|altsyncram_gpg1:auto_generated ; work         ;
+-------------------------------------------+-------------------+--------------+-------------+--------------+---------+-----------+------+--------------+-------------------------------------------------------------------------------+--------------+
Note: For table entries with two numbers listed, the numbers in parentheses indicate the number of resources of the given type used by the specific entity alone. The numbers listed outside of parentheses indicate the total resources of the given type used by the specific entity and all of its sub-entities in the hierarchy.


+--------------------------------------------------------------------------------------------------------------------------------------------------------------------------------+
; Analysis & Synthesis RAM Summary                                                                                                                                               ;
+---------------------------------------------------------------------------------+------+-------------+--------------+--------------+--------------+--------------+------+------+
; Name                                                                            ; Type ; Mode        ; Port A Depth ; Port A Width ; Port B Depth ; Port B Width ; Size ; MIF  ;
+---------------------------------------------------------------------------------+------+-------------+--------------+--------------+--------------+--------------+------+------+
; RAM:R|altsyncram:altsyncram_component|altsyncram_gpg1:auto_generated|ALTSYNCRAM ; AUTO ; Single Port ; 256          ; 8            ; --           ; --           ; 2048 ; None ;
+---------------------------------------------------------------------------------+------+-------------+--------------+--------------+--------------+--------------+------+------+


+-------------------------------------------------------------------------------------------------------------------------------+
; Analysis & Synthesis IP Cores Summary                                                                                         ;
+--------+--------------+---------+--------------+--------------+-----------------+---------------------------------------------+
; Vendor ; IP Core Name ; Version ; Release Date ; License Type ; Entity Instance ; IP Include File                             ;
+--------+--------------+---------+--------------+--------------+-----------------+---------------------------------------------+
; Altera ; RAM: 1-PORT  ; 13.1    ; N/A          ; N/A          ; |TestRam|RAM:R  ; C:/Users/suxto/Documents/FPGA/TestRam/RAM.v ;
+--------+--------------+---------+--------------+--------------+-----------------+---------------------------------------------+


+---------------------------------------------------------------------------------------------------+
; User-Specified and Inferred Latches                                                               ;
+----------------------------------------------------+---------------------+------------------------+
; Latch Name                                         ; Latch Enable Signal ; Free of Timing Hazards ;
+----------------------------------------------------+---------------------+------------------------+
; DBus[0]$latch                                      ; DBus[7]             ; yes                    ;
; DBus[0]_51                                         ; DBus[7]             ; yes                    ;
; DBus[1]$latch                                      ; DBus[7]             ; yes                    ;
; DBus[2]$latch                                      ; DBus[7]             ; yes                    ;
; DBus[3]$latch                                      ; DBus[7]             ; yes                    ;
; DBus[4]$latch                                      ; DBus[7]             ; yes                    ;
; DBus[5]$latch                                      ; DBus[7]             ; yes                    ;
; DBus[6]$latch                                      ; DBus[7]             ; yes                    ;
; DBus[7]$latch                                      ; DBus[7]             ; yes                    ;
; Number of user-specified and inferred latches = 9  ;                     ;                        ;
+----------------------------------------------------+---------------------+------------------------+
Note: All latches listed above may not be present at the end of synthesis due to various synthesis optimizations.


+------------------------------------------------------+
; General Register Statistics                          ;
+----------------------------------------------+-------+
; Statistic                                    ; Value ;
+----------------------------------------------+-------+
; Total registers                              ; 0     ;
; Number of registers using Synchronous Clear  ; 0     ;
; Number of registers using Synchronous Load   ; 0     ;
; Number of registers using Asynchronous Clear ; 0     ;
; Number of registers using Asynchronous Load  ; 0     ;
; Number of registers using Clock Enable       ; 0     ;
; Number of registers using Preset             ; 0     ;
+----------------------------------------------+-------+


+---------------------------------------------------------------------------------------------+
; Source assignments for RAM:R|altsyncram:altsyncram_component|altsyncram_gpg1:auto_generated ;
+---------------------------------+--------------------+------+-------------------------------+
; Assignment                      ; Value              ; From ; To                            ;
+---------------------------------+--------------------+------+-------------------------------+
; OPTIMIZE_POWER_DURING_SYNTHESIS ; NORMAL_COMPILATION ; -    ; -                             ;
+---------------------------------+--------------------+------+-------------------------------+


+------------------------------------------------------------------------------------+
; Parameter Settings for User Entity Instance: RAM:R|altsyncram:altsyncram_component ;
+------------------------------------+----------------------+------------------------+
; Parameter Name                     ; Value                ; Type                   ;
+------------------------------------+----------------------+------------------------+
; BYTE_SIZE_BLOCK                    ; 8                    ; Untyped                ;
; AUTO_CARRY_CHAINS                  ; ON                   ; AUTO_CARRY             ;
; IGNORE_CARRY_BUFFERS               ; OFF                  ; IGNORE_CARRY           ;
; AUTO_CASCADE_CHAINS                ; ON                   ; AUTO_CASCADE           ;
; IGNORE_CASCADE_BUFFERS             ; OFF                  ; IGNORE_CASCADE         ;
; WIDTH_BYTEENA                      ; 1                    ; Untyped                ;
; OPERATION_MODE                     ; SINGLE_PORT          ; Untyped                ;
; WIDTH_A                            ; 8                    ; Signed Integer         ;
; WIDTHAD_A                          ; 8                    ; Signed Integer         ;
; NUMWORDS_A                         ; 256                  ; Signed Integer         ;
; OUTDATA_REG_A                      ; UNREGISTERED         ; Untyped                ;
; ADDRESS_ACLR_A                     ; NONE                 ; Untyped                ;
; OUTDATA_ACLR_A                     ; NONE                 ; Untyped                ;
; WRCONTROL_ACLR_A                   ; NONE                 ; Untyped                ;
; INDATA_ACLR_A                      ; NONE                 ; Untyped                ;
; BYTEENA_ACLR_A                     ; NONE                 ; Untyped                ;
; WIDTH_B                            ; 1                    ; Untyped                ;
; WIDTHAD_B                          ; 1                    ; Untyped                ;
; NUMWORDS_B                         ; 1                    ; Untyped                ;
; INDATA_REG_B                       ; CLOCK1               ; Untyped                ;
; WRCONTROL_WRADDRESS_REG_B          ; CLOCK1               ; Untyped                ;
; RDCONTROL_REG_B                    ; CLOCK1               ; Untyped                ;
; ADDRESS_REG_B                      ; CLOCK1               ; Untyped                ;
; OUTDATA_REG_B                      ; UNREGISTERED         ; Untyped                ;
; BYTEENA_REG_B                      ; CLOCK1               ; Untyped                ;
; INDATA_ACLR_B                      ; NONE                 ; Untyped                ;
; WRCONTROL_ACLR_B                   ; NONE                 ; Untyped                ;
; ADDRESS_ACLR_B                     ; NONE                 ; Untyped                ;
; OUTDATA_ACLR_B                     ; NONE                 ; Untyped                ;
; RDCONTROL_ACLR_B                   ; NONE                 ; Untyped                ;
; BYTEENA_ACLR_B                     ; NONE                 ; Untyped                ;
; WIDTH_BYTEENA_A                    ; 1                    ; Signed Integer         ;
; WIDTH_BYTEENA_B                    ; 1                    ; Untyped                ;
; RAM_BLOCK_TYPE                     ; AUTO                 ; Untyped                ;
; BYTE_SIZE                          ; 8                    ; Untyped                ;
; READ_DURING_WRITE_MODE_MIXED_PORTS ; DONT_CARE            ; Untyped                ;
; READ_DURING_WRITE_MODE_PORT_A      ; NEW_DATA_NO_NBE_READ ; Untyped                ;
; READ_DURING_WRITE_MODE_PORT_B      ; NEW_DATA_NO_NBE_READ ; Untyped                ;
; INIT_FILE                          ; UNUSED               ; Untyped                ;
; INIT_FILE_LAYOUT                   ; PORT_A               ; Untyped                ;
; MAXIMUM_DEPTH                      ; 0                    ; Untyped                ;
; CLOCK_ENABLE_INPUT_A               ; BYPASS               ; Untyped                ;
; CLOCK_ENABLE_INPUT_B               ; NORMAL               ; Untyped                ;
; CLOCK_ENABLE_OUTPUT_A              ; BYPASS               ; Untyped                ;
; CLOCK_ENABLE_OUTPUT_B              ; NORMAL               ; Untyped                ;
; CLOCK_ENABLE_CORE_A                ; USE_INPUT_CLKEN      ; Untyped                ;
; CLOCK_ENABLE_CORE_B                ; USE_INPUT_CLKEN      ; Untyped                ;
; ENABLE_ECC                         ; FALSE                ; Untyped                ;
; ECC_PIPELINE_STAGE_ENABLED         ; FALSE                ; Untyped                ;
; WIDTH_ECCSTATUS                    ; 3                    ; Untyped                ;
; DEVICE_FAMILY                      ; Cyclone IV E         ; Untyped                ;
; CBXI_PARAMETER                     ; altsyncram_gpg1      ; Untyped                ;
+------------------------------------+----------------------+------------------------+
Note: In order to hide this table in the UI and the text report file, please set the "Show Parameter Settings in Synthesis Report" option in "Analysis and Synthesis Settings -> More Settings" to "Off".


+-----------------------------------------------------------------------------------+
; altsyncram Parameter Settings by Entity Instance                                  ;
+-------------------------------------------+---------------------------------------+
; Name                                      ; Value                                 ;
+-------------------------------------------+---------------------------------------+
; Number of entity instances                ; 1                                     ;
; Entity Instance                           ; RAM:R|altsyncram:altsyncram_component ;
;     -- OPERATION_MODE                     ; SINGLE_PORT                           ;
;     -- WIDTH_A                            ; 8                                     ;
;     -- NUMWORDS_A                         ; 256                                   ;
;     -- OUTDATA_REG_A                      ; UNREGISTERED                          ;
;     -- WIDTH_B                            ; 1                                     ;
;     -- NUMWORDS_B                         ; 1                                     ;
;     -- ADDRESS_REG_B                      ; CLOCK1                                ;
;     -- OUTDATA_REG_B                      ; UNREGISTERED                          ;
;     -- RAM_BLOCK_TYPE                     ; AUTO                                  ;
;     -- READ_DURING_WRITE_MODE_MIXED_PORTS ; DONT_CARE                             ;
+-------------------------------------------+---------------------------------------+


+-------------------------------+
; Elapsed Time Per Partition    ;
+----------------+--------------+
; Partition Name ; Elapsed Time ;
+----------------+--------------+
; Top            ; 00:00:00     ;
+----------------+--------------+


+-------------------------------+
; Analysis & Synthesis Messages ;
+-------------------------------+
Info: *******************************************************************
Info: Running Quartus II 64-Bit Analysis & Synthesis
    Info: Version 13.1.0 Build 162 10/23/2013 SJ Web Edition
    Info: Processing started: Tue Dec 20 21:04:50 2022
Info: Command: quartus_map --read_settings_files=on --write_settings_files=off TestRam -c TestRam
Warning (20028): Parallel compilation is not licensed and has been disabled
Info (12021): Found 1 design units, including 1 entities, in source file ram.v
    Info (12023): Found entity 1: RAM
Info (12021): Found 1 design units, including 1 entities, in source file testram.v
    Info (12023): Found entity 1: TestRam
Info (12127): Elaborating entity "TestRam" for the top level hierarchy
Warning (10240): Verilog HDL Always Construct warning at TestRam.v(16): inferring latch(es) for variable "DBus", which holds its previous value in one or more paths through the always construct
Info (10041): Inferred latch for "DBus[0]" at TestRam.v(16)
Info (10041): Inferred latch for "DBus[1]" at TestRam.v(16)
Info (10041): Inferred latch for "DBus[2]" at TestRam.v(16)
Info (10041): Inferred latch for "DBus[3]" at TestRam.v(16)
Info (10041): Inferred latch for "DBus[4]" at TestRam.v(16)
Info (10041): Inferred latch for "DBus[5]" at TestRam.v(16)
Info (10041): Inferred latch for "DBus[6]" at TestRam.v(16)
Info (10041): Inferred latch for "DBus[7]" at TestRam.v(16)
Info (12128): Elaborating entity "RAM" for hierarchy "RAM:R"
Info (12128): Elaborating entity "altsyncram" for hierarchy "RAM:R|altsyncram:altsyncram_component"
Info (12130): Elaborated megafunction instantiation "RAM:R|altsyncram:altsyncram_component"
Info (12133): Instantiated megafunction "RAM:R|altsyncram:altsyncram_component" with the following parameter:
    Info (12134): Parameter "clock_enable_input_a" = "BYPASS"
    Info (12134): Parameter "clock_enable_output_a" = "BYPASS"
    Info (12134): Parameter "intended_device_family" = "Cyclone IV E"
    Info (12134): Parameter "lpm_hint" = "ENABLE_RUNTIME_MOD=NO"
    Info (12134): Parameter "lpm_type" = "altsyncram"
    Info (12134): Parameter "numwords_a" = "256"
    Info (12134): Parameter "operation_mode" = "SINGLE_PORT"
    Info (12134): Parameter "outdata_aclr_a" = "NONE"
    Info (12134): Parameter "outdata_reg_a" = "UNREGISTERED"
    Info (12134): Parameter "power_up_uninitialized" = "FALSE"
    Info (12134): Parameter "read_during_write_mode_port_a" = "NEW_DATA_NO_NBE_READ"
    Info (12134): Parameter "widthad_a" = "8"
    Info (12134): Parameter "width_a" = "8"
    Info (12134): Parameter "width_byteena_a" = "1"
Info (12021): Found 1 design units, including 1 entities, in source file db/altsyncram_gpg1.tdf
    Info (12023): Found entity 1: altsyncram_gpg1
Info (12128): Elaborating entity "altsyncram_gpg1" for hierarchy "RAM:R|altsyncram:altsyncram_component|altsyncram_gpg1:auto_generated"
Warning (13046): Tri-state node(s) do not directly drive top-level pin(s)
    Warning (13047): Converted the fan-out from the tri-state buffer "DBus[0]" to the node "RAM:R|altsyncram:altsyncram_component|altsyncram_gpg1:auto_generated|q_a[0]" into an OR gate
    Warning (13047): Converted the fan-out from the tri-state buffer "DBus[1]" to the node "RAM:R|altsyncram:altsyncram_component|altsyncram_gpg1:auto_generated|q_a[1]" into an OR gate
    Warning (13047): Converted the fan-out from the tri-state buffer "DBus[2]" to the node "RAM:R|altsyncram:altsyncram_component|altsyncram_gpg1:auto_generated|q_a[2]" into an OR gate
    Warning (13047): Converted the fan-out from the tri-state buffer "DBus[3]" to the node "RAM:R|altsyncram:altsyncram_component|altsyncram_gpg1:auto_generated|q_a[3]" into an OR gate
    Warning (13047): Converted the fan-out from the tri-state buffer "DBus[4]" to the node "RAM:R|altsyncram:altsyncram_component|altsyncram_gpg1:auto_generated|q_a[4]" into an OR gate
    Warning (13047): Converted the fan-out from the tri-state buffer "DBus[5]" to the node "RAM:R|altsyncram:altsyncram_component|altsyncram_gpg1:auto_generated|q_a[5]" into an OR gate
    Warning (13047): Converted the fan-out from the tri-state buffer "DBus[6]" to the node "RAM:R|altsyncram:altsyncram_component|altsyncram_gpg1:auto_generated|q_a[6]" into an OR gate
    Warning (13047): Converted the fan-out from the tri-state buffer "DBus[7]" to the node "RAM:R|altsyncram:altsyncram_component|altsyncram_gpg1:auto_generated|q_a[7]" into an OR gate
Warning (13012): Latch DBus[0]$latch has unsafe behavior
    Warning (13013): Ports D and ENA on the latch are fed by the same signal bnRD
    Warning (13013): Ports ENA and CLR on the latch are fed by the same signal bnRD
Warning (13012): Latch DBus[0]_51 has unsafe behavior
    Warning (13013): Ports ENA and CLR on the latch are fed by the same signal bnRD
Warning (13012): Latch DBus[1]$latch has unsafe behavior
    Warning (13013): Ports D and ENA on the latch are fed by the same signal bnRD
    Warning (13013): Ports ENA and CLR on the latch are fed by the same signal bnRD
Warning (13012): Latch DBus[2]$latch has unsafe behavior
    Warning (13013): Ports D and ENA on the latch are fed by the same signal bnRD
    Warning (13013): Ports ENA and CLR on the latch are fed by the same signal bnRD
Warning (13012): Latch DBus[3]$latch has unsafe behavior
    Warning (13013): Ports D and ENA on the latch are fed by the same signal bnRD
    Warning (13013): Ports ENA and CLR on the latch are fed by the same signal bnRD
Warning (13012): Latch DBus[4]$latch has unsafe behavior
    Warning (13013): Ports D and ENA on the latch are fed by the same signal bnRD
    Warning (13013): Ports ENA and CLR on the latch are fed by the same signal bnRD
Warning (13012): Latch DBus[5]$latch has unsafe behavior
    Warning (13013): Ports D and ENA on the latch are fed by the same signal bnRD
    Warning (13013): Ports ENA and CLR on the latch are fed by the same signal bnRD
Warning (13012): Latch DBus[6]$latch has unsafe behavior
    Warning (13013): Ports D and ENA on the latch are fed by the same signal bnRD
    Warning (13013): Ports ENA and CLR on the latch are fed by the same signal bnRD
Warning (13012): Latch DBus[7]$latch has unsafe behavior
    Warning (13013): Ports D and ENA on the latch are fed by the same signal bnRD
    Warning (13013): Ports ENA and CLR on the latch are fed by the same signal bnRD
Info (286030): Timing-Driven Synthesis is running
Info (16010): Generating hard_block partition "hard_block:auto_generated_inst"
    Info (16011): Adding 0 node(s), including 0 DDIO, 0 PLL, 0 transceiver and 0 LCELL
Info (21057): Implemented 62 device resources after synthesis - the final resource count might be different
    Info (21058): Implemented 19 input pins
    Info (21059): Implemented 8 output pins
    Info (21061): Implemented 27 logic cells
    Info (21064): Implemented 8 RAM segments
Info: Quartus II 64-Bit Analysis & Synthesis was successful. 0 errors, 37 warnings
    Info: Peak virtual memory: 4645 megabytes
    Info: Processing ended: Tue Dec 20 21:04:51 2022
    Info: Elapsed time: 00:00:01
    Info: Total CPU time (on all processors): 00:00:01


