# å¤šè¡¨æŸ¥è¯¢

å¤šè¡¨æŸ¥è¯¢ï¼Œä¹Ÿç§°ä¸ºå…³è”æŸ¥è¯¢ï¼ŒæŒ‡**ä¸¤ä¸ªæˆ–æ›´å¤šä¸ªè¡¨**ä¸€èµ·å®ŒæˆæŸ¥è¯¢æ“ä½œã€‚

å‰ææ¡ä»¶ï¼šè¿™äº›ä¸€èµ·æŸ¥è¯¢çš„è¡¨ä¹‹é—´æ˜¯æœ‰å…³ç³»çš„ï¼ˆä¸€å¯¹ä¸€ã€ä¸€å¯¹å¤šï¼‰ï¼Œå®ƒä»¬ä¹‹é—´ä¸€å®šæ˜¯æœ‰å…³è”å­—æ®µï¼Œè¿™ä¸ªå…³è”å­—æ®µå¯èƒ½å»ºç«‹äº†å¤–é”®ï¼Œä¹Ÿå¯èƒ½æ²¡æœ‰å»ºç«‹å¤–é”®ã€‚

æ¯”å¦‚ï¼šå‘˜å·¥è¡¨å’Œéƒ¨é—¨è¡¨ï¼Œè¿™ä¸¤ä¸ªè¡¨ä¾é â€œéƒ¨é—¨ç¼–å·â€è¿›è¡Œå…³è”ã€‚

# å¼•å…¥

## æŸ¥è¯¢æ–¹å¼

### ç¬›å¡å°”ç§¯( `cross join` )çš„é”™è¯¯

![Untitled](Programming/Programming%20d6786caa2ba94b7983a41b4ab876f28f/MySQL/å¤šè¡¨æŸ¥è¯¢%20ab06c18473c14eb5850d2407e5828b41/Untitled.png)

**åœºæ™¯ï¼š** å°†æ¯ä¸ªå‘˜å·¥çš„éƒ¨é—¨åœ°å€æŸ¥å‡ºæ¥

```sql
select employee_id,department_name
from employees,departments ;#é”™è¯¯ç¤ºèŒƒ
#è¿™ä¸ªæŸ¥å‡ºæ¥çš„æ¡æ•°æ˜¯å‘˜å·¥æ•°*éƒ¨é—¨æ•°ï¼Œå°†æ¯ä¸ªäººå’Œæ¯ä¸ªéƒ¨é—¨idéƒ½åŒ¹é…äº†ä¸€æ¬¡

#ä¸‹é¢çš„ä»£ç å’Œä¸Šé¢çš„æ˜¯ç­‰æ•ˆçš„
select employee_id,department_name
from employees cross join departments ;

```

**å…³äºç¬›å¡å°”ç§¯**ï¼š 

ç¬›å¡å°”ä¹˜ç§¯æ˜¯ä¸€ä¸ªæ•°å­¦è¿ç®—ã€‚å‡è®¾æˆ‘æœ‰ä¸¤ä¸ªé›†åˆ X å’Œ Yï¼Œé‚£ä¹ˆ X å’Œ Y çš„ç¬›å¡å°”ç§¯å°±æ˜¯ X å’Œ Y çš„æ‰€æœ‰**å¯èƒ½ç»„åˆ**ï¼Œä¹Ÿå°±æ˜¯ç¬¬ä¸€ä¸ªå¯¹è±¡æ¥è‡ªäº Xï¼Œç¬¬äºŒä¸ªå¯¹è±¡æ¥è‡ªäº Y çš„æ‰€æœ‰å¯èƒ½ã€‚ç»„åˆçš„ä¸ªæ•°å³ä¸ºä¸¤ä¸ªé›†åˆä¸­å…ƒç´ ä¸ªæ•°çš„ä¹˜ç§¯æ•°ã€‚

![Untitled](Programming/Programming%20d6786caa2ba94b7983a41b4ab876f28f/MySQL/å¤šè¡¨æŸ¥è¯¢%20ab06c18473c14eb5850d2407e5828b41/Untitled%201.png)

å›¾ä¸­çš„æƒ…å†µæ˜¯ï¼š$2\times 2\times2=8$ ç§æƒ…å†µã€‚

**å‡ºç°ç¬›å¡å°”ç§¯é”™è¯¯çš„æƒ…å†µ**ï¼š

- çœç•¥å¤šä¸ªè¡¨çš„è¿æ¥æ¡ä»¶ï¼ˆæˆ–å…³è”æ¡ä»¶ï¼‰
- è¿æ¥æ¡ä»¶ï¼ˆæˆ–å…³è”æ¡ä»¶ï¼‰æ— æ•ˆ
- æ‰€æœ‰è¡¨ä¸­çš„æ‰€æœ‰è¡Œäº’ç›¸è¿æ¥

### å¦‚ä½•è§£å†³å‘¢

è¿™ä¸ªé—®é¢˜å‡ºç°çš„æœ¬è´¨åŸå› æ˜¯æ²¡æœ‰æŒ‡å®šé“¾æ¥æ¡ä»¶ã€‚

åªè¦æŒ‡å®š `where employees.department_id=departments.department_id;` ä½œä¸ºè¿æ¥æ¡ä»¶ï¼Œå°±å¯ã€‚

æ³¨æ„ï¼šå¦‚æœé‡åˆ° `department_id` æ˜¯ `null` çš„å‘˜å·¥ï¼Œå°±ä¸ä¼šæ˜¾ç¤ºåˆ°ç»“æœé‡Œé¢ã€‚

```sql
mysql> select employee_id,department_name
    -> from employees,departments
    -> where employees.department_id=departments.department_id;
+-------------+------------------+
| employee_id | department_name  |
+-------------+------------------+
|         200 | Administration   |
|         162 | Sales            |
|         163 | Sales            |
..................................
|         206 | Accounting       |
+-------------+------------------+
107 rows in set (0.00 sec)
```

### è¿˜æœ‰ä¸€ä¸ªé—®é¢˜

ä¸€ä¸ªå­—æ®µå‡ºç°åœ¨å¤šå¼ è¡¨çš„æƒ…å†µï¼šå¿…é¡»æŒ‡æ˜å…·ä½“å­—æ®µå­˜åœ¨å“ªå¼ è¡¨ï¼

```sql
mysql> select employee_id,department_name,department_id
    -> from employees , departments
    -> where employees.department_id =departments.department_id ;
ERROR 1052 (23000): Column 'department_id' in field list is ambiguous 
#ambiguousæ˜¯ä¸æ˜ç¡®çš„æ„æ€

mysql> select employee_id,department_name,**employees.department_id**
    -> from employees , departments
    -> where employees.department_id =departments.department_id ;
+-------------+------------------+---------------+
| employee_id | department_name  | department_id |
+-------------+------------------+---------------+
|         200 | Administration   |            10 |
|         201 | Marketing        |            20 |
.................................................
|         206 | Accounting       |           110 |
+-------------+------------------+---------------+
107 rows in set (0.00 sec)
```

**å»ºè®®ï¼š** ä»ä¼˜åŒ–è§’åº¦æ¥è¯´ï¼Œå¤šè¡¨æŸ¥è¯¢çš„é€‚åˆæœ€å¥½æŒ‡å®šæ¯ä¸ªå­—æ®µçš„è¡¨åã€‚

### è¡¨çš„åˆ«å

è¡¨çš„åå­—å¤ªé•¿ä¼šå‡å¼±SQLè¯­å¥çš„å¯è¯»æ€§ï¼Œæ­¤æ—¶å¯ä»¥èµ·åˆ«åï¼Œç›´æ¥è·Ÿåœ¨è¡¨çš„åé¢å°±å¥½ã€‚

**æ³¨æ„**ï¼š å¦‚æœèµ·äº†åˆ«åï¼Œå¿…é¡»åœ¨åé¢çš„è¯­å¥ä¸­ä½¿ç”¨åˆ«åï¼Œä½¿ç”¨åŸåä¼šæŠ¥é”™ï¼

```sql
select **emp**.employee_id,**dep**.department_name,**dep**.department_id 
from employees **emp**, departments **dep**
where **emp**.department_id =**dep**.department_id ;
```

### å¤šä¸ªæ¡ä»¶è¿æ¥

åœ¨ `where` è¯­å¥ä¸­ï¼Œä½¿ç”¨ `and` æ¥è¿æ¥å¤šä¸ªå…³ç³»ï¼šå¦‚æœæŸ¥è¯¢è®¾è®¡åˆ°$n$ä¸ªè¡¨çš„å…³ç³»ï¼Œè‡³å°‘è¦æœ‰$n-1$ä¸ªæŸ¥è¯¢æ¡ä»¶ã€‚

```sql
mysql> select e.employee_id,e.last_name ,d.department_name,d.department_id,l.city
    -> from employees e, departments d,locations l
    -> where e.department_id =d.department_id
    -> **and** d.location_id =l.location_id ;
+-------------+-------------+------------------+---------------+---------------------+
| employee_id | last_name   | department_name  | department_id | city                |
+-------------+-------------+------------------+---------------+---------------------+
|         200 | Whalen      | Administration   |            10 | Seattle             |
|         201 | Hartstein   | Marketing        |            20 | Toronto             |
|         110 | Chen        | Finance          |           100 | Seattle             |
......................................................................................
|         206 | Gietz       | Accounting       |           110 | Seattle             |
+-------------+-------------+------------------+---------------+---------------------+
107 rows in set (0.00 sec)
```

# åˆ†ç±»

## ç­‰å€¼è¿æ¥&éç­‰å€¼è¿æ¥

ç­‰å€¼è¿æ¥è¿æ¥ä¸¤ä¸ªç›¸ç­‰çš„å€¼ï¼Œè€Œéç­‰å€¼åˆ™åŒ¹é…åŒºé—´ã€‚

**åœºæ™¯ï¼š** å°†å·¥èµ„ä¸å·¥èµ„ç­‰çº§ç›¸åŒ¹é…ã€‚

```sql
mysql> select * from job_grades;#å·¥èµ„ç­‰çº§è¡¨
+-------------+------------+-------------+
| grade_level | lowest_sal | highest_sal |
+-------------+------------+-------------+
| A           |       1000 |        2999 |
| B           |       3000 |        5999 |
| C           |       6000 |        9999 |
| D           |      10000 |       14999 |
| E           |      15000 |       24999 |
| F           |      25000 |       40000 |
+-------------+------------+-------------+
6 rows in set (0.00 sec)

mysql> select first_name,salary,grade_level
    -> from employees,job_grades
    -> where salary between lowest_sal and highest_sal
    -> limit 4;
+------------+----------+-------------+
| first_name | salary   | grade_level |
+------------+----------+-------------+
| h_hh       |  2222.20 | A           |
| Steven     | 24000.00 | E           |
| Neena      | 17000.00 | E           |
| Lex        | 17000.00 | E           |
+------------+----------+-------------+
4 rows in set (0.00 sec)
```

## è‡ªè¿æ¥&éè‡ªè¿æ¥

å‰é¢å®ç°çš„æ˜¯éè‡ªè¿æ¥ï¼Œéƒ½æ˜¯å¤šå¼ è¡¨ä¹‹é—´çš„è¿æ¥ã€‚è‡ªè¿æ¥æŒ‡çš„æ˜¯åŒä¸€å¼ è¡¨ä¸­è¿æ¥ã€‚

**è‡ªè¿æ¥åœºæ™¯ï¼š** `employees` è¡¨é‡Œé¢è®°å½•äº†ä¸€ä¸ªäººçš„å‘˜å·¥idå’Œä¸Šçº§idã€‚äºæ˜¯æˆ‘ä»¬å¯ä»¥ç”¨è‡ªè¿æ¥å°†æ¯ä¸ªå‘˜å·¥ä¸å…¶ä¸Šå¸è¿æ¥åœ¨ä¸€èµ·ã€‚

```sql
mysql> select emp.employee_id,emp.last_name,mgr.employee_id,mgr.last_name
    -> from employees emp,employees mgr
    -> where emp.manager_id=mgr.employee_id
    -> limit 5;
+-------------+-----------+-------------+-----------+
| employee_id | last_name | employee_id | last_name |
+-------------+-----------+-------------+-----------+
|           1 | h_hh      |           1 | h_hh      |
|         101 | Kochhar   |         100 | King      |
|         102 | De Haan   |         100 | King      |
|         103 | Hunold    |         102 | De Haan   |
|         104 | Ernst     |         103 | Hunold    |
+-------------+-----------+-------------+-----------+
5 rows in set (0.00 sec)
```

é€»è¾‘ä¸Š `employees` æ˜¯ä¸¤å¼ ä¸åŒçš„è¡¨ï¼Œåœ¨è‡ªè¿æ¥çš„æ—¶å€™è¦æ³¨æ„è¦å°†æ¯ä¸ªåˆ—æ¥è‡ªå“ªä¸€å¼ è¡¨å†™æ¸…æ¥šï¼

## å†…è¿æ¥&å¤–è¿æ¥

**å†…è¿æ¥**ï¼š åˆå¹¶å…·æœ‰åŒä¸€åˆ—çš„ä¸¤ä¸ªä»¥ä¸Šçš„è¡¨çš„è¡Œ, ç»“æœé›†ä¸­**ä¸åŒ…**å«ä¸€ä¸ªè¡¨ä¸å¦ä¸€ä¸ªè¡¨**ä¸åŒ¹é…çš„è¡Œ**

**å¤–è¿æ¥ï¼š** ä¸¤ä¸ªè¡¨åœ¨è¿æ¥è¿‡ç¨‹ä¸­é™¤äº†è¿”å›æ»¡è¶³è¿æ¥æ¡ä»¶çš„è¡Œä»¥å¤–è¿˜è¿”å›**å·¦ï¼ˆæˆ–å³ï¼‰**è¡¨ä¸­ä¸æ»¡è¶³æ¡ä»¶çš„
è¡Œ ï¼Œè¿™ç§è¿æ¥ç§°ä¸º**å·¦ï¼ˆæˆ–å³ï¼‰** å¤–è¿æ¥ã€‚æ²¡æœ‰åŒ¹é…çš„è¡Œæ—¶, ç»“æœè¡¨ä¸­ç›¸åº”çš„åˆ—ä¸ºç©º `NULL` ã€‚äºæ˜¯å¤–è¿æ¥ï¼Œå°±åˆ†ä¸ºäº† **å·¦å¤–è¿æ¥ å³å¤–è¿æ¥ & æ»¡å¤–è¿æ¥ã€‚**

### å¯¹äº `SQL 92` è¯­æ³•ï¼šä½¿ç”¨ `+` ã€‚

ä¸è¿‡åœ¨ `MySQL` ä¸­æœ‰ä¸ª**å°**é—®é¢˜ï¼Œå®ƒä¸æ”¯æŒ `SQL92` ğŸ˜“ã€‚è€Œä¸” `SQL92` ä¸æ”¯æŒ **æ»¡å¤–è¿æ¥** ã€‚

```sql
 #å·¦å¤–è¿æ¥
SELECT last_name,department_name
FROM employees ,departments
WHERE employees.department_id = departments.department_id(+);
#å¯¹ ç¼ºå°‘ å¯¹åº”æ•°æ®çš„é‚£å¼ è¡¨+ä¸€ä¸‹ï¼Œå°±å¯ä»¥äº†

#å³å¤–è¿æ¥
SELECT last_name,department_name
FROM employees ,departments
WHERE employees.department_id(+) = departments.department_id;
```

### å¯¹äº `SQL99` è¯­æ³•ï¼Œæˆ‘ä»¬ä½¿ç”¨ `join ... on ..` è¯­æ³•ã€‚

1. **å†…è¿æ¥**ï¼š `from è¡¨1 join è¡¨2 on åŒ¹é…æ¡ä»¶` å¯ä»¥åµŒå¥—å¤šä¸ªã€‚ `inner join` ä¸­çš„ `inner` å¯ä»¥çœç•¥ã€‚
    
    ```sql
    mysql> select emp.employee_id,emp.last_name,mgr.employee_id,mgr.last_name
        -> from employees emp [inner] join employees mgr
        -> on emp.manager_id=mgr.employee_id
        -> limit 4;
    +-------------+-----------+-------------+-----------+
    | employee_id | last_name | employee_id | last_name |
    +-------------+-----------+-------------+-----------+
    |           1 | h_hh      |           1 | h_hh      |
    |         101 | Kochhar   |         100 | King      |
    |         102 | De Haan   |         100 | King      |
    |         103 | Hunold    |         102 | De Haan   |
    +-------------+-----------+-------------+-----------+
    4 rows in set (0.00 sec)
    ```
    
2. **å¤–è¿æ¥ï¼š  `outer join`** 
    
    ```sql
    mysql> select last_name,department_name
        -> from employees e **left** join departments d #å·¦å¤–è¿æ¥ï¼ŒæŸ¥è¯¢æ‰€æœ‰å‘˜å·¥
        -> on e.department_id=d.department_id
        -> limit 4;
    +-----------+-----------------+
    | last_name | department_name |
    +-----------+-----------------+
    | h_hh      | Executive       |
    | King      | Executive       |
    | Kochhar   | Executive       |
    | De Haan   | Executive       |
    +-----------+-----------------+
    4 rows in set (0.00 sec)
    
    mysql> select last_name,department_name
        -> from employees e right join departments d #å³å¤–è¿æ¥ï¼ŒæŸ¥è¯¢æ‰€æœ‰éƒ¨é—¨
        -> on e.department_id=d.department_id
        -> limit 4;
    +-----------+-----------------+
    | last_name | department_name |
    +-----------+-----------------+
    | Whalen    | Administration  |
    | Hartstein | Marketing       |
    | Fay       | Marketing       |
    | Raphaely  | Purchasing      |
    +-----------+-----------------+
    4 rows in set (0.00 sec)
    ```
    
3. **æ»¡å¤–è¿æ¥** `full outer join` è¿™ä¸ªæ˜¯ `SQL99` çš„æ ‡å‡†ï¼Œä½†æ˜¯ `MySQL` ä¸æ”¯æŒ `Oracal` æ”¯æŒã€‚äºæ˜¯æˆ‘ä»¬åªèƒ½æ›²çº¿æ•‘å›½ã€‚äºæ˜¯å¼•å‡ºäº† `union` å…³é”®å­—çš„ä½¿ç”¨ã€‚
    
    **åˆå¹¶æŸ¥è¯¢ç»“æœ:** åˆ©ç”¨`UNION`å…³é”®å­—ï¼Œå¯ä»¥ç»™å‡ºå¤šæ¡`SELECT`è¯­å¥ï¼Œå¹¶å°†å®ƒä»¬çš„ç»“æœç»„åˆæˆå•ä¸ªç»“æœé›†ã€‚åˆå¹¶æ—¶ï¼Œä¸¤ä¸ªè¡¨å¯¹åº”çš„åˆ—æ•°å’Œæ•°æ®ç±»å‹å¿…é¡»ç›¸åŒï¼Œå¹¶ä¸”ç›¸äº’å¯¹åº”ã€‚å„ä¸ª`SELECT`è¯­å¥ä¹‹é—´ä½¿ç”¨ `union` æˆ– `union all` å…³é”®å­—åˆ†éš”ã€‚
    
    1.  `union` å…³é”®å­—
        
        ![Untitled](Programming/Programming%20d6786caa2ba94b7983a41b4ab876f28f/MySQL/å¤šè¡¨æŸ¥è¯¢%20ab06c18473c14eb5850d2407e5828b41/Untitled%202.png)
        
        å°†Aä¸Bçš„ç»“æœå¹¶èµ·æ¥ï¼Œç„¶åå†å¯¹**å¹¶é›†éƒ¨åˆ†å»é‡**ã€‚ç”±äºå»é‡çš„æ“ä½œååˆ†çš„æ¶ˆè€—èµ„æºï¼Œå»ºè®®èƒ½ä¸ç”¨å°±ä¸ç”¨ã€‚ **æ³¨æ„ï¼š** `union` è¿æ¥çš„æ˜¯ä¸¤ä¸ªå®Œæ•´çš„ `select` è¯­å¥ã€‚
        
        ```sql
        mysql> select employee_id,department_name from employees e left join departments d on e.department_id=d.department_id
            -> union
            -> select employee_id,department_name from employees e right join departments d on e.department_id=d.department_id;
        +-------------+----------------------+
        | employee_id | department_name      |
        +-------------+----------------------+
        |         178 | NULL                 |
        |         200 | Administration       |
        |        NULL | Retail Sales         |
        |        NULL | Recruiting           |
        |        NULL | Payroll              |
        +-------------+----------------------+
        **124** rows in set (0.00 sec)
        ```
        
    2.  `union all` å…³é”®å­—
        
        ![Untitled](Programming/Programming%20d6786caa2ba94b7983a41b4ab876f28f/MySQL/å¤šè¡¨æŸ¥è¯¢%20ab06c18473c14eb5850d2407e5828b41/Untitled%203.png)
        
        `union all` å…³é”®å­—ä¸ä¼šå¯¹å¹¶é›†éƒ¨åˆ†è¿›è¡Œå»é‡ï¼Œå¥½å¤„æ˜¯ **å¿«** ï¼Œå»ºè®®å°½å¯èƒ½å¤šä½¿ç”¨è¿™ä¸ªå…³é”®å­—ã€‚
        
        ```sql
        mysql> select employee_id,department_name from employees e left join departments d on e.department_id=d.department_id
            -> union all
            -> select employee_id,department_name from employees e right join departments d on e.department_id=d.department_id;
        +-------------+----------------------+
        | employee_id | department_name      |
        +-------------+----------------------+
        |         178 | NULL                 |
        |        NULL | Government Sales     |
        |        NULL | Retail Sales         |
        |        NULL | Recruiting           |
        |        NULL | Payroll              |
        +-------------+----------------------+
        **231** rows in set (0.00 sec)#æ­¤å¤„ç”±äºæ²¡æœ‰å¯¹å¹¶é›†éƒ¨åˆ†å»é‡ï¼Œæ•°æ®å¤šäº†å¾ˆå¤šã€‚
        ```
        
    3.  `SQL` æ ‡å‡†çš„ `join` å…³é”®å­—
        
        ![Untitled](Programming/Programming%20d6786caa2ba94b7983a41b4ab876f28f/MySQL/å¤šè¡¨æŸ¥è¯¢%20ab06c18473c14eb5850d2407e5828b41/Untitled%204.png)
        
        å®ç° `left join union right join` çš„æ–¹å¼æœ‰å¾ˆå¤šç§ã€‚
        
        ```sql
        #å·¦ä¸Šå›¾åŠ å³ä¸‹å›¾
        mysql> select employee_id,department_name from employees e left join departments d on e.department_id=d.department_id
            -> union all
            -> select employee_id,department_name from employees e right join departments d on e.department_id=d.department_id
            -> where e.department_id is null; #æŒ‡å‘Bç‹¬æœ‰çš„éƒ¨åˆ†ã€‚
        +-------------+----------------------+
        | employee_id | department_name      |
        +-------------+----------------------+
        |         178 | NULL                 |
        |         200 | Administration       |
        |        NULL | Retail Sales         |
        |        NULL | Recruiting           |
        |        NULL | Payroll              |
        +-------------+----------------------+
        **124** rows in set (0.00 sec)
        
        #å·¦ä¸­å›¾åŠ å³ä¸Š
        #ç•¥ã€‚ã€‚ã€‚
        ```
        
        # `SQL 99` æ–°ç‰¹æ€§
        
        ## è‡ªç„¶è¿æ¥
        
        `SQL99` åœ¨ `SQL92` çš„åŸºç¡€ä¸Šæä¾›äº†ä¸€äº›ç‰¹æ®Šè¯­æ³•ï¼Œæ¯”å¦‚ `NATURAL JOIN` ç”¨æ¥è¡¨ç¤ºè‡ªç„¶è¿æ¥ã€‚æˆ‘ä»¬å¯ä»¥æŠŠè‡ªç„¶è¿æ¥ç†è§£ä¸º `SQL92` ä¸­çš„ç­‰å€¼è¿æ¥ã€‚å®ƒä¼šå¸®ä½ è‡ªåŠ¨æŸ¥è¯¢ä¸¤å¼ è¿æ¥è¡¨ä¸­**æ‰€æœ‰ç›¸åŒ**çš„å­—æ®µ ï¼Œç„¶åè¿›è¡Œ **ç­‰å€¼è¿æ¥** ã€‚
        
        ### `SQL 92` ä¸­ï¼š
        
        ```sql
        mysql> SELECT employee_id,last_name,department_name
            -> FROM employees e JOIN departments d
            -> ON e.`department_id` = d.`department_id`
            -> AND e.`manager_id` = d.`manager_id`;
        +-------------+------------+-----------------+
        | employee_id | last_name  | department_name |
        +-------------+------------+-----------------+
        |         101 | Kochhar    | Executive       |
        |         202 | Fay        | Marketing       |
        |         206 | Gietz      | Accounting      |
        +-------------+------------+-----------------+
        **32** rows in set (0.00 sec)
        ```
        
        ### `SQL 99` ä¸­:
        
        ```sql
        mysql> SELECT employee_id,last_name,department_name
            -> FROM employees e **NATURAL JOIN** departments d;
        +-------------+------------+-----------------+
        | employee_id | last_name  | department_name |
        +-------------+------------+-----------------+
        |         202 | Fay        | Marketing       |
        |         115 | Khoo       | Purchasing      |
        |         116 | Baida      | Purchasing      |
        |         206 | Gietz      | Accounting      |
        +-------------+------------+-----------------+
        32 rows in set (0.00 sec)
        ```
        
        `MySQL` ä¼šæ‰¾å‡ºä¸¤å¼ è¡¨ä¸­æ‰€æœ‰çš„ç›¸åŒå­—æ®µï¼Œç„¶åè¿›è¡ŒåŒ¹é…ï¼Œç­‰å€¼è¿æ¥ã€‚
        
        ### `using` çš„ä½¿ç”¨
        
        ### `SQL 92` ä¸­ï¼š
        
        ```sql
        mysql> SELECT employee_id,last_name,department_name
            -> FROM employees e ,departments d
            -> WHERE e.department_id = d.department_id;
        +-------------+-------------+------------------+
        | employee_id | last_name   | department_name  |
        +-------------+-------------+------------------+
        |         200 | Whalen      | Administration   |
        |         201 | Hartstein   | Marketing        |
        |         205 | Higgins     | Accounting       |
        |         206 | Gietz       | Accounting       |
        +-------------+-------------+------------------+
        107 rows in set (0.00 sec)
        ```
        
        ### `SQL 99` ä¸­:
        
        ```sql
        mysql> SELECT employee_id,last_name,department_name
            -> FROM employees e JOIN departments d
            -> USING (department_id);#
        +-------------+-------------+------------------+
        | employee_id | last_name   | department_name  |
        +-------------+-------------+------------------+
        |         200 | Whalen      | Administration   |
        |         205 | Higgins     | Accounting       |
        |         206 | Gietz       | Accounting       |
        +-------------+-------------+------------------+
        107 rows in set (0.00 sec)
        ```
        
        `using` å…³é”®å­—ä¼šè‡ªåŠ¨åŒ¹é…ä¸¤å¼ è¡¨é‡ŒæŒ‡å®šç›¸åŒåå­—çš„å­—æ®µã€‚ **æ³¨æ„ï¼š** è‡ªè¿æ¥çš„æ—¶å€™åˆ«ä½¿ç”¨ã€‚